Warnings, critical warnings and errors from synthesis and implementation

Created: 2026-09-12 01:25:51

----SYNTHESIS----
WARNING: [Synth 8-7071] port 'time_updated' of module 'rtc_clock' is unconnected for instance 'u_clock' [C:/Users/pbuko/Desktop/SystemVerilog/project_ecg/projekt_basys3/rtl/GUI/vga_ui_manager.sv:53]
WARNING: [Synth 8-7023] instance 'u_clock' of module 'rtc_clock' has 13 connections declared, but only 12 given [C:/Users/pbuko/Desktop/SystemVerilog/project_ecg/projekt_basys3/rtl/GUI/vga_ui_manager.sv:53]
WARNING: [Synth 8-3848] Net bpm_valid in module/entity top_ecg does not have driver. [C:/Users/pbuko/Desktop/SystemVerilog/project_ecg/projekt_basys3/rtl/top_ecg.sv:639]
WARNING: [Synth 8-7129] Port clk_100MHz in module vga_ui_manager is either unconnected or has no load
WARNING: [Timing 38-316] Clock period '20.000' specified during out-of-context synthesis of instance 'u_top_ecg/u_blk_mem_arrhythmia' at clock pin 'clka' is different from the actual clock period '10.000', this can lead to different synthesis results.
WARNING: [Timing 38-316] Clock period '20.000' specified during out-of-context synthesis of instance 'u_top_ecg/u_blk_mem_bradycardia' at clock pin 'clka' is different from the actual clock period '10.000', this can lead to different synthesis results.
WARNING: [Timing 38-316] Clock period '20.000' specified during out-of-context synthesis of instance 'u_top_ecg/u_blk_mem_stemi' at clock pin 'clka' is different from the actual clock period '10.000', this can lead to different synthesis results.
WARNING: [Timing 38-316] Clock period '20.000' specified during out-of-context synthesis of instance 'u_top_ecg/u_blk_mem_tachycardia' at clock pin 'clka' is different from the actual clock period '10.000', this can lead to different synthesis results.
WARNING: [Synth 8-7129] Port char_string[119] in module vga_text_renderer__parameterized5 is either unconnected or has no load
WARNING: [Synth 8-7129] Port char_string[111] in module vga_text_renderer__parameterized5 is either unconnected or has no load
WARNING: [Synth 8-7129] Port char_string[103] in module vga_text_renderer__parameterized5 is either unconnected or has no load
WARNING: [Synth 8-7129] Port char_string[95] in module vga_text_renderer__parameterized5 is either unconnected or has no load
WARNING: [Synth 8-7129] Port char_string[87] in module vga_text_renderer__parameterized5 is either unconnected or has no load
WARNING: [Synth 8-7129] Port char_string[79] in module vga_text_renderer__parameterized5 is either unconnected or has no load
WARNING: [Synth 8-7129] Port char_string[71] in module vga_text_renderer__parameterized5 is either unconnected or has no load
WARNING: [Synth 8-7129] Port char_string[63] in module vga_text_renderer__parameterized5 is either unconnected or has no load
WARNING: [Synth 8-7129] Port char_string[55] in module vga_text_renderer__parameterized5 is either unconnected or has no load
WARNING: [Synth 8-7129] Port char_string[47] in module vga_text_renderer__parameterized5 is either unconnected or has no load
WARNING: [Synth 8-7129] Port char_string[39] in module vga_text_renderer__parameterized5 is either unconnected or has no load
WARNING: [Synth 8-7129] Port char_string[31] in module vga_text_renderer__parameterized5 is either unconnected or has no load
WARNING: [Synth 8-7129] Port char_string[23] in module vga_text_renderer__parameterized5 is either unconnected or has no load
WARNING: [Synth 8-7129] Port char_string[15] in module vga_text_renderer__parameterized5 is either unconnected or has no load
WARNING: [Synth 8-7129] Port char_string[7] in module vga_text_renderer__parameterized5 is either unconnected or has no load
WARNING: [Synth 8-7129] Port char_string[79] in module vga_text_renderer__parameterized4 is either unconnected or has no load
WARNING: [Synth 8-7129] Port char_string[71] in module vga_text_renderer__parameterized4 is either unconnected or has no load
WARNING: [Synth 8-7129] Port char_string[63] in module vga_text_renderer__parameterized4 is either unconnected or has no load
WARNING: [Synth 8-7129] Port char_string[55] in module vga_text_renderer__parameterized4 is either unconnected or has no load
WARNING: [Synth 8-7129] Port char_string[47] in module vga_text_renderer__parameterized4 is either unconnected or has no load
WARNING: [Synth 8-7129] Port char_string[39] in module vga_text_renderer__parameterized4 is either unconnected or has no load
WARNING: [Synth 8-7129] Port char_string[31] in module vga_text_renderer__parameterized4 is either unconnected or has no load
WARNING: [Synth 8-7129] Port char_string[23] in module vga_text_renderer__parameterized4 is either unconnected or has no load
WARNING: [Synth 8-7129] Port char_string[15] in module vga_text_renderer__parameterized4 is either unconnected or has no load
WARNING: [Synth 8-7129] Port char_string[7] in module vga_text_renderer__parameterized4 is either unconnected or has no load
WARNING: [Synth 8-7129] Port char_string[79] in module vga_text_renderer__parameterized3 is either unconnected or has no load
WARNING: [Synth 8-7129] Port char_string[71] in module vga_text_renderer__parameterized3 is either unconnected or has no load
WARNING: [Synth 8-7129] Port char_string[63] in module vga_text_renderer__parameterized3 is either unconnected or has no load
WARNING: [Synth 8-7129] Port char_string[55] in module vga_text_renderer__parameterized3 is either unconnected or has no load
WARNING: [Synth 8-7129] Port char_string[47] in module vga_text_renderer__parameterized3 is either unconnected or has no load
WARNING: [Synth 8-7129] Port char_string[39] in module vga_text_renderer__parameterized3 is either unconnected or has no load
WARNING: [Synth 8-7129] Port char_string[31] in module vga_text_renderer__parameterized3 is either unconnected or has no load
WARNING: [Synth 8-7129] Port char_string[23] in module vga_text_renderer__parameterized3 is either unconnected or has no load
WARNING: [Synth 8-7129] Port char_string[15] in module vga_text_renderer__parameterized3 is either unconnected or has no load
WARNING: [Synth 8-7129] Port char_string[7] in module vga_text_renderer__parameterized3 is either unconnected or has no load
WARNING: [Synth 8-7129] Port char_string[199] in module vga_text_renderer is either unconnected or has no load
WARNING: [Synth 8-7129] Port char_string[191] in module vga_text_renderer is either unconnected or has no load
WARNING: [Synth 8-7129] Port char_string[183] in module vga_text_renderer is either unconnected or has no load
WARNING: [Synth 8-7129] Port char_string[175] in module vga_text_renderer is either unconnected or has no load
WARNING: [Synth 8-7129] Port char_string[167] in module vga_text_renderer is either unconnected or has no load
WARNING: [Synth 8-7129] Port char_string[159] in module vga_text_renderer is either unconnected or has no load
WARNING: [Synth 8-7129] Port char_string[151] in module vga_text_renderer is either unconnected or has no load
WARNING: [Synth 8-7129] Port char_string[143] in module vga_text_renderer is either unconnected or has no load
WARNING: [Synth 8-7129] Port char_string[135] in module vga_text_renderer is either unconnected or has no load
WARNING: [Synth 8-7129] Port char_string[127] in module vga_text_renderer is either unconnected or has no load
WARNING: [Synth 8-7129] Port char_string[119] in module vga_text_renderer is either unconnected or has no load
WARNING: [Synth 8-7129] Port char_string[111] in module vga_text_renderer is either unconnected or has no load
WARNING: [Synth 8-7129] Port char_string[103] in module vga_text_renderer is either unconnected or has no load
WARNING: [Synth 8-7129] Port char_string[95] in module vga_text_renderer is either unconnected or has no load
WARNING: [Synth 8-7129] Port char_string[87] in module vga_text_renderer is either unconnected or has no load
WARNING: [Synth 8-7129] Port char_string[79] in module vga_text_renderer is either unconnected or has no load
WARNING: [Synth 8-7129] Port char_string[71] in module vga_text_renderer is either unconnected or has no load
WARNING: [Synth 8-7129] Port char_string[63] in module vga_text_renderer is either unconnected or has no load
WARNING: [Synth 8-7129] Port char_string[55] in module vga_text_renderer is either unconnected or has no load
WARNING: [Synth 8-7129] Port char_string[47] in module vga_text_renderer is either unconnected or has no load
WARNING: [Synth 8-7129] Port char_string[39] in module vga_text_renderer is either unconnected or has no load
WARNING: [Synth 8-7129] Port char_string[31] in module vga_text_renderer is either unconnected or has no load
WARNING: [Synth 8-7129] Port char_string[23] in module vga_text_renderer is either unconnected or has no load
WARNING: [Synth 8-7129] Port char_string[15] in module vga_text_renderer is either unconnected or has no load
WARNING: [Synth 8-7129] Port char_string[7] in module vga_text_renderer is either unconnected or has no load
WARNING: [Synth 8-7129] Port clk_100MHz in module vga_ui_manager is either unconnected or has no load

----IMPLEMENTATION----
WARNING: [Route 35-328] Router estimated timing not met.
CRITICAL WARNING: [Timing 38-282] The design failed to meet the timing requirements. Please see the timing summary report for details on the timing violations.
WARNING: [Power 33-332] Found switching activity that implies high-fanout reset nets being asserted for excessive periods of time which may result in inaccurate power analysis.
